// Jest Snapshot v1, https://goo.gl/fbAQLP

exports[`grids basic 1`] = `
<main>
  <mp-grids>
    <wx-view
      class="weui-grids "
    >
      <wx-view
        appId=""
        class="weui-grid"
        data-url="/0"
        extraData=""
        hoverClass="navigator-hover"
        hoverStartTime="{{50}}"
        hoverStayTime="{{600}}"
        hoverStopPropagation="{{false}}"
        openType="navigate"
        path=""
        target="self"
        url="/0"
        version="release"
        bind:complete=""
        bind:fail=""
        bind:success=""
        bind:tap="openPage"
      >
        <wx-view
          class="weui-grid__icon"
        >
          <wx-image
            alt="{{true}}"
            class="weui-grid__icon_img"
            src="/img-0.png"
          />
        </wx-view>
        <wx-view
          class="weui-grid__label"
        >
          Grid0
        </wx-view>
      </wx-view>
      <wx-view
        appId=""
        class="weui-grid"
        data-url="/1"
        extraData=""
        hoverClass="navigator-hover"
        hoverStartTime="{{50}}"
        hoverStayTime="{{600}}"
        hoverStopPropagation="{{false}}"
        openType="navigate"
        path=""
        target="self"
        url="/1"
        version="release"
        bind:complete=""
        bind:fail=""
        bind:success=""
        bind:tap="openPage"
      >
        <wx-view
          class="weui-grid__icon"
        >
          <wx-image
            alt="{{true}}"
            class="weui-grid__icon_img"
            src="/img-1.png"
          />
        </wx-view>
        <wx-view
          class="weui-grid__label"
        >
          Grid1
        </wx-view>
      </wx-view>
      <wx-view
        appId=""
        class="weui-grid"
        data-url="/2"
        extraData=""
        hoverClass="navigator-hover"
        hoverStartTime="{{50}}"
        hoverStayTime="{{600}}"
        hoverStopPropagation="{{false}}"
        openType="navigate"
        path=""
        target="self"
        url="/2"
        version="release"
        bind:complete=""
        bind:fail=""
        bind:success=""
        bind:tap="openPage"
      >
        <wx-view
          class="weui-grid__icon"
        >
          <wx-image
            alt="{{true}}"
            class="weui-grid__icon_img"
            src="/img-2.png"
          />
        </wx-view>
        <wx-view
          class="weui-grid__label"
        >
          Grid2
        </wx-view>
      </wx-view>
      <wx-view
        appId=""
        class="weui-grid"
        data-url="/3"
        extraData=""
        hoverClass="navigator-hover"
        hoverStartTime="{{50}}"
        hoverStayTime="{{600}}"
        hoverStopPropagation="{{false}}"
        openType="navigate"
        path=""
        target="self"
        url="/3"
        version="release"
        bind:complete=""
        bind:fail=""
        bind:success=""
        bind:tap="openPage"
      >
        <wx-view
          class="weui-grid__icon"
        >
          <wx-image
            alt="{{true}}"
            class="weui-grid__icon_img"
            src="/img-3.png"
          />
        </wx-view>
        <wx-view
          class="weui-grid__label"
        >
          Grid3
        </wx-view>
      </wx-view>
      <wx-view
        appId=""
        class="weui-grid"
        data-url="/4"
        extraData=""
        hoverClass="navigator-hover"
        hoverStartTime="{{50}}"
        hoverStayTime="{{600}}"
        hoverStopPropagation="{{false}}"
        openType="navigate"
        path=""
        target="self"
        url="/4"
        version="release"
        bind:complete=""
        bind:fail=""
        bind:success=""
        bind:tap="openPage"
      >
        <wx-view
          class="weui-grid__icon"
        >
          <wx-image
            alt="{{true}}"
            class="weui-grid__icon_img"
            src="/img-4.png"
          />
        </wx-view>
        <wx-view
          class="weui-grid__label"
        >
          Grid4
        </wx-view>
      </wx-view>
      <wx-view
        appId=""
        class="weui-grid"
        data-url="/5"
        extraData=""
        hoverClass="navigator-hover"
        hoverStartTime="{{50}}"
        hoverStayTime="{{600}}"
        hoverStopPropagation="{{false}}"
        openType="navigate"
        path=""
        target="self"
        url="/5"
        version="release"
        bind:complete=""
        bind:fail=""
        bind:success=""
        bind:tap="openPage"
      >
        <wx-view
          class="weui-grid__icon"
        >
          <wx-image
            alt="{{true}}"
            class="weui-grid__icon_img"
            src="/img-5.png"
          />
        </wx-view>
        <wx-view
          class="weui-grid__label"
        >
          Grid5
        </wx-view>
      </wx-view>
      <wx-view
        appId=""
        class="weui-grid"
        data-url="/6"
        extraData=""
        hoverClass="navigator-hover"
        hoverStartTime="{{50}}"
        hoverStayTime="{{600}}"
        hoverStopPropagation="{{false}}"
        openType="navigate"
        path=""
        target="self"
        url="/6"
        version="release"
        bind:complete=""
        bind:fail=""
        bind:success=""
        bind:tap="openPage"
      >
        <wx-view
          class="weui-grid__icon"
        >
          <wx-image
            alt="{{true}}"
            class="weui-grid__icon_img"
            src="/img-6.png"
          />
        </wx-view>
        <wx-view
          class="weui-grid__label"
        >
          Grid6
        </wx-view>
      </wx-view>
      <wx-view
        appId=""
        class="weui-grid"
        data-url="/7"
        extraData=""
        hoverClass="navigator-hover"
        hoverStartTime="{{50}}"
        hoverStayTime="{{600}}"
        hoverStopPropagation="{{false}}"
        openType="navigate"
        path=""
        target="self"
        url="/7"
        version="release"
        bind:complete=""
        bind:fail=""
        bind:success=""
        bind:tap="openPage"
      >
        <wx-view
          class="weui-grid__icon"
        >
          <wx-image
            alt="{{true}}"
            class="weui-grid__icon_img"
            src="/img-7.png"
          />
        </wx-view>
        <wx-view
          class="weui-grid__label"
        >
          Grid7
        </wx-view>
      </wx-view>
      <wx-view
        appId=""
        class="weui-grid"
        data-url="/8"
        extraData=""
        hoverClass="navigator-hover"
        hoverStartTime="{{50}}"
        hoverStayTime="{{600}}"
        hoverStopPropagation="{{false}}"
        openType="navigate"
        path=""
        target="self"
        url="/8"
        version="release"
        bind:complete=""
        bind:fail=""
        bind:success=""
        bind:tap="openPage"
      >
        <wx-view
          class="weui-grid__icon"
        >
          <wx-image
            alt="{{true}}"
            class="weui-grid__icon_img"
            src="/img-8.png"
          />
        </wx-view>
        <wx-view
          class="weui-grid__label"
        >
          Grid8
        </wx-view>
      </wx-view>
    </wx-view>
  </mp-grids>
</main>
`;
